[    0.000000] Linux version 4.15.0-106-generic (buildd@lcy01-amd64-016) (gcc version 7.5.0 (Ubuntu 7.5.0-3ubuntu1~18.04)) #107-Ubuntu SMP Thu Jun 4 11:27:52 UTC 2020 (Ubuntu 4.15.0-106.107-generic 4.15.18)
[    0.000000] Command line: BOOT_IMAGE=/boot/vmlinuz-4.15.0-106-generic root=LABEL=cloudimg-rootfs ro console=tty1 console=ttyS0
[    0.000000] KERNEL supported cpus:
[    0.000000]   Intel GenuineIntel
[    0.000000]   AMD AuthenticAMD
[    0.000000]   Centaur CentaurHauls
[    0.000000] x86/fpu: Supporting XSAVE feature 0x001: 'x87 floating point registers'
[    0.000000] x86/fpu: Supporting XSAVE feature 0x002: 'SSE registers'
[    0.000000] x86/fpu: Supporting XSAVE feature 0x004: 'AVX registers'
[    0.000000] x86/fpu: xstate_offset[2]:  576, xstate_sizes[2]:  256
[    0.000000] x86/fpu: Enabled xstate features 0x7, context size is 832 bytes, using 'standard' format.
[    0.000000] e820: BIOS-provided physical RAM map:
[    0.000000] BIOS-e820: [mem 0x0000000000000000-0x000000000009fbff] usable
[    0.000000] BIOS-e820: [mem 0x000000000009fc00-0x000000000009ffff] reserved
[    0.000000] BIOS-e820: [mem 0x00000000000f0000-0x00000000000fffff] reserved
[    0.000000] BIOS-e820: [mem 0x0000000000100000-0x000000003ffeffff] usable
[    0.000000] BIOS-e820: [mem 0x000000003fff0000-0x000000003fffffff] ACPI data
[    0.000000] BIOS-e820: [mem 0x00000000fec00000-0x00000000fec00fff] reserved
[    0.000000] BIOS-e820: [mem 0x00000000fee00000-0x00000000fee00fff] reserved
[    0.000000] BIOS-e820: [mem 0x00000000fffc0000-0x00000000ffffffff] reserved
[    0.000000] NX (Execute Disable) protection: active
[    0.000000] SMBIOS 2.5 present.
[    0.000000] DMI: innotek GmbH VirtualBox/VirtualBox, BIOS VirtualBox 12/01/2006
[    0.000000] Hypervisor detected: KVM
[    0.000000] e820: last_pfn = 0x3fff0 max_arch_pfn = 0x400000000
[    0.000000] MTRR: Disabled
[    0.000000] x86/PAT: MTRRs disabled, skipping PAT initialization too.
[    0.000000] CPU MTRRs all blank - virtualized system.
[    0.000000] x86/PAT: Configuration [0-7]: WB  WT  UC- UC  WB  WT  UC- UC  
[    0.000000] found SMP MP-table at [mem 0x0009fff0-0x0009ffff]
[    0.000000] Scanning 1 areas for low memory corruption
[    0.000000] RAMDISK: [mem 0x35a6d000-0x36d2dfff]
[    0.000000] ACPI: Early table checksum verification disabled
[    0.000000] ACPI: RSDP 0x00000000000E0000 000024 (v02 VBOX  )
[    0.000000] ACPI: XSDT 0x000000003FFF0030 00003C (v01 VBOX   VBOXXSDT 00000001 ASL  00000061)
[    0.000000] ACPI: FACP 0x000000003FFF00F0 0000F4 (v04 VBOX   VBOXFACP 00000001 ASL  00000061)
[    0.000000] ACPI: DSDT 0x000000003FFF0470 002325 (v02 VBOX   VBOXBIOS 00000002 INTL 20100528)
[    0.000000] ACPI: FACS 0x000000003FFF0200 000040
[    0.000000] ACPI: FACS 0x000000003FFF0200 000040
[    0.000000] ACPI: APIC 0x000000003FFF0240 00005C (v02 VBOX   VBOXAPIC 00000001 ASL  00000061)
[    0.000000] ACPI: SSDT 0x000000003FFF02A0 0001CC (v01 VBOX   VBOXCPUT 00000002 INTL 20100528)
[    0.000000] No NUMA configuration found
[    0.000000] Faking a node at [mem 0x0000000000000000-0x000000003ffeffff]
[    0.000000] NODE_DATA(0) allocated [mem 0x3ffc5000-0x3ffeffff]
[    0.000000] kvm-clock: cpu 0, msr 0:3ff44001, primary cpu clock
[    0.000000] kvm-clock: Using msrs 4b564d01 and 4b564d00
[    0.000000] kvm-clock: using sched offset of 3873350740 cycles
[    0.000000] clocksource: kvm-clock: mask: 0xffffffffffffffff max_cycles: 0x1cd42e4dffb, max_idle_ns: 881590591483 ns
[    0.000000] Zone ranges:
[    0.000000]   DMA      [mem 0x0000000000001000-0x0000000000ffffff]
[    0.000000]   DMA32    [mem 0x0000000001000000-0x000000003ffeffff]
[    0.000000]   Normal   empty
[    0.000000]   Device   empty
[    0.000000] Movable zone start for each node
[    0.000000] Early memory node ranges
[    0.000000]   node   0: [mem 0x0000000000001000-0x000000000009efff]
[    0.000000]   node   0: [mem 0x0000000000100000-0x000000003ffeffff]
[    0.000000] Reserved but unavailable: 98 pages
[    0.000000] Initmem setup node 0 [mem 0x0000000000001000-0x000000003ffeffff]
[    0.000000] ACPI: PM-Timer IO Port: 0x4008
[    0.000000] IOAPIC[0]: apic_id 2, version 32, address 0xfec00000, GSI 0-23
[    0.000000] ACPI: INT_SRC_OVR (bus 0 bus_irq 0 global_irq 2 dfl dfl)
[    0.000000] ACPI: INT_SRC_OVR (bus 0 bus_irq 9 global_irq 9 low level)
[    0.000000] Using ACPI (MADT) for SMP configuration information
[    0.000000] smpboot: Allowing 2 CPUs, 0 hotplug CPUs
[    0.000000] PM: Registered nosave memory: [mem 0x00000000-0x00000fff]
[    0.000000] PM: Registered nosave memory: [mem 0x0009f000-0x0009ffff]
[    0.000000] PM: Registered nosave memory: [mem 0x000a0000-0x000effff]
[    0.000000] PM: Registered nosave memory: [mem 0x000f0000-0x000fffff]
[    0.000000] e820: [mem 0x40000000-0xfebfffff] available for PCI devices
[    0.000000] Booting paravirtualized kernel on KVM
[    0.000000] clocksource: refined-jiffies: mask: 0xffffffff max_cycles: 0xffffffff, max_idle_ns: 7645519600211568 ns
[    0.000000] random: get_random_bytes called from start_kernel+0x99/0x4fd with crng_init=0
[    0.000000] setup_percpu: NR_CPUS:8192 nr_cpumask_bits:2 nr_cpu_ids:2 nr_node_ids:1
[    0.000000] percpu: Embedded 45 pages/cpu s147456 r8192 d28672 u1048576
[    0.000000] PV qspinlock hash table entries: 256 (order: 0, 4096 bytes)
[    0.000000] Built 1 zonelists, mobility grouping on.  Total pages: 257913
[    0.000000] Policy zone: DMA32
[    0.000000] Kernel command line: BOOT_IMAGE=/boot/vmlinuz-4.15.0-106-generic root=LABEL=cloudimg-rootfs ro console=tty1 console=ttyS0
[    0.000000] Memory: 983048K/1048120K available (12300K kernel code, 2481K rwdata, 4272K rodata, 2436K init, 2720K bss, 65072K reserved, 0K cma-reserved)
[    0.000000] SLUB: HWalign=64, Order=0-3, MinObjects=0, CPUs=2, Nodes=1
[    0.000000] Kernel/User page tables isolation: enabled
[    0.000000] ftrace: allocating 39378 entries in 154 pages
[    0.004000] Hierarchical RCU implementation.
[    0.004000] 	RCU restricting CPUs from NR_CPUS=8192 to nr_cpu_ids=2.
[    0.004000] 	Tasks RCU enabled.
[    0.004000] RCU: Adjusting geometry for rcu_fanout_leaf=16, nr_cpu_ids=2
[    0.004000] NR_IRQS: 524544, nr_irqs: 440, preallocated irqs: 16
[    0.004000] Console: colour VGA+ 80x25
[    0.004000] console [tty1] enabled
[    0.004000] console [ttyS0] enabled
[    0.004000] ACPI: Core revision 20170831
[    0.004000] ACPI: 2 ACPI AML tables successfully acquired and loaded
[    0.004000] APIC: Switch to symmetric I/O mode setup
[    0.004000] x2apic enabled
[    0.004000] Switched APIC routing to physical x2apic.
[    0.004000] ..TIMER: vector=0x30 apic1=0 pin1=2 apic2=-1 pin2=-1
[    0.004003] tsc: Detected 2591.998 MHz processor
[    0.004749] Calibrating delay loop (skipped) preset value.. 5183.99 BogoMIPS (lpj=10367992)
[    0.005385] pid_max: default: 32768 minimum: 301
[    0.006152] Security Framework initialized
[    0.006820] Yama: becoming mindful.
[    0.008016] AppArmor: AppArmor initialized
[    0.009741] Dentry cache hash table entries: 131072 (order: 8, 1048576 bytes)
[    0.011004] Inode-cache hash table entries: 65536 (order: 7, 524288 bytes)
[    0.012009] Mount-cache hash table entries: 2048 (order: 2, 16384 bytes)
[    0.013055] Mountpoint-cache hash table entries: 2048 (order: 2, 16384 bytes)
[    0.014354] Last level iTLB entries: 4KB 64, 2MB 8, 4MB 8
[    0.015214] Last level dTLB entries: 4KB 64, 2MB 0, 4MB 0, 1GB 4
[    0.016002] Spectre V1 : Mitigation: usercopy/swapgs barriers and __user pointer sanitization
[    0.017340] Spectre V2 : Mitigation: Full generic retpoline
[    0.018216] Spectre V2 : Spectre v2 / SpectreRSB mitigation: Filling RSB on context switch
[    0.020001] Speculative Store Bypass: Vulnerable
[    0.020824] SRBDS: Unknown: Dependent on hypervisor status
[    0.021764] MDS: Mitigation: Clear CPU buffers
[    0.022621] Freeing SMP alternatives memory: 36K
[    0.133581] smpboot: CPU0: Intel(R) Core(TM) i7-9750H CPU @ 2.60GHz (family: 0x6, model: 0x9e, stepping: 0xa)
[    0.136000] Performance Events: unsupported p6 CPU model 158 no PMU driver, software events only.
[    0.136031] Hierarchical SRCU implementation.
[    0.137478] NMI watchdog: Perf event create on CPU 0 failed with -2
[    0.138496] NMI watchdog: Perf NMI watchdog permanently disabled
[    0.140037] smp: Bringing up secondary CPUs ...
[    0.140860] x86: Booting SMP configuration:
[    0.141653] .... node  #0, CPUs:      #1
[    0.004000] kvm-clock: cpu 1, msr 0:3ff44041, secondary cpu clock
[    0.144014] smp: Brought up 1 node, 2 CPUs
[    0.144730] smpboot: Max logical packages: 1
[    0.145446] smpboot: Total of 2 processors activated (10367.99 BogoMIPS)
[    0.148089] devtmpfs: initialized
[    0.148922] x86/mm: Memory block size: 128MB
[    0.150412] evm: security.selinux
[    0.152005] evm: security.SMACK64
[    0.152613] evm: security.SMACK64EXEC
[    0.153779] evm: security.SMACK64TRANSMUTE
[    0.154592] evm: security.SMACK64MMAP
[    0.155221] evm: security.apparmor
[    0.156005] evm: security.ima
[    0.156528] evm: security.capability
[    0.157204] clocksource: jiffies: mask: 0xffffffff max_cycles: 0xffffffff, max_idle_ns: 7645041785100000 ns
[    0.157673] futex hash table entries: 512 (order: 3, 32768 bytes)
[    0.161029] pinctrl core: initialized pinctrl subsystem
[    0.162027] RTC time: 14:17:29, date: 06/25/20
[    0.162929] NET: Registered protocol family 16
[    0.163757] audit: initializing netlink subsys (disabled)
[    0.164035] audit: type=2000 audit(1593094654.886:1): state=initialized audit_enabled=0 res=1
[    0.164103] cpuidle: using governor ladder
[    0.164773] cpuidle: using governor menu
[    0.168030] ACPI: bus type PCI registered
[    0.168717] acpiphp: ACPI Hot Plug PCI Controller Driver version: 0.5
[    0.169860] PCI: Using configuration type 1 for base access
[    0.170834] HugeTLB registered 2.00 MiB page size, pre-allocated 0 pages
[    0.172052] ACPI: Added _OSI(Module Device)
[    0.172785] ACPI: Added _OSI(Processor Device)
[    0.173537] ACPI: Added _OSI(3.0 _SCP Extensions)
[    0.174325] ACPI: Added _OSI(Processor Aggregator Device)
[    0.176002] ACPI: Added _OSI(Linux-Dell-Video)
[    0.176888] ACPI: Added _OSI(Linux-Lenovo-NV-HDMI-Audio)
[    0.177926] ACPI: Added _OSI(Linux-HPI-Hybrid-Graphics)
[    0.179175] ACPI: Executed 1 blocks of module-level executable AML code
[    0.182421] ACPI: Interpreter enabled
[    0.184010] ACPI: (supports S0 S5)
[    0.184594] ACPI: Using IOAPIC for interrupt routing
[    0.185589] PCI: Using host bridge windows from ACPI; if necessary, use "pci=nocrs" and report a bug
[    0.187584] ACPI: Enabled 2 GPEs in block 00 to 07
[    0.194610] ACPI: PCI Root Bridge [PCI0] (domain 0000 [bus 00-ff])
[    0.195973] acpi PNP0A03:00: _OSC: OS supports [ASPM ClockPM Segments MSI]
[    0.196373] acpi PNP0A03:00: _OSC: not requesting OS control; OS requires [ExtendedConfig ASPM ClockPM MSI]
[    0.200010] acpi PNP0A03:00: fail to add MMCONFIG information, can't access extended PCI configuration space under this bridge.
[    0.202317] PCI host bridge to bus 0000:00
[    0.203037] pci_bus 0000:00: root bus resource [io  0x0000-0x0cf7 window]
[    0.204002] pci_bus 0000:00: root bus resource [io  0x0d00-0xffff window]
[    0.205123] pci_bus 0000:00: root bus resource [mem 0x000a0000-0x000bffff window]
[    0.206373] pci_bus 0000:00: root bus resource [mem 0x40000000-0xfdffffff window]
[    0.208002] pci_bus 0000:00: root bus resource [bus 00-ff]
[    0.211336] pci 0000:00:01.1: legacy IDE quirk: reg 0x10: [io  0x01f0-0x01f7]
[    0.212004] pci 0000:00:01.1: legacy IDE quirk: reg 0x14: [io  0x03f6]
[    0.213140] pci 0000:00:01.1: legacy IDE quirk: reg 0x18: [io  0x0170-0x0177]
[    0.214735] pci 0000:00:01.1: legacy IDE quirk: reg 0x1c: [io  0x0376]
[    0.228706] pci 0000:00:07.0: quirk: [io  0x4000-0x403f] claimed by PIIX4 ACPI
[    0.230075] pci 0000:00:07.0: quirk: [io  0x4100-0x410f] claimed by PIIX4 SMB
[    0.237268] ACPI: PCI Interrupt Link [LNKA] (IRQs 5 9 10 *11)
[    0.238644] ACPI: PCI Interrupt Link [LNKB] (IRQs 5 9 *10 11)
[    0.239690] ACPI: PCI Interrupt Link [LNKC] (IRQs 5 *9 10 11)
[    0.240108] ACPI: PCI Interrupt Link [LNKD] (IRQs 5 9 10 *11)
[    0.241408] SCSI subsystem initialized
[    0.242229] pci 0000:00:02.0: vgaarb: setting as boot VGA device
[    0.242229] pci 0000:00:02.0: vgaarb: VGA device added: decodes=io+mem,owns=io+mem,locks=none
[    0.244009] pci 0000:00:02.0: vgaarb: bridge control possible
[    0.244957] vgaarb: loaded
[    0.245460] ACPI: bus type USB registered
[    0.248022] usbcore: registered new interface driver usbfs
[    0.248946] usbcore: registered new interface driver hub
[    0.249878] usbcore: registered new device driver usb
[    0.250921] EDAC MC: Ver: 3.0.0
[    0.252236] PCI: Using ACPI for IRQ routing
[    0.253001] NetLabel: Initializing
[    0.253710] NetLabel:  domain hash size = 128
[    0.254441] NetLabel:  protocols = UNLABELED CIPSOv4 CALIPSO
[    0.255380] NetLabel:  unlabeled traffic allowed by default
[    0.256152] clocksource: Switched to clocksource kvm-clock
[    0.267026] VFS: Disk quotas dquot_6.6.0
[    0.268141] VFS: Dquot-cache hash table entries: 512 (order 0, 4096 bytes)
[    0.269715] AppArmor: AppArmor Filesystem Enabled
[    0.270574] pnp: PnP ACPI init
[    0.272540] pnp: PnP ACPI: found 3 devices
[    0.282038] clocksource: acpi_pm: mask: 0xffffff max_cycles: 0xffffff, max_idle_ns: 2085701024 ns
[    0.284346] NET: Registered protocol family 2
[    0.285374] TCP established hash table entries: 8192 (order: 4, 65536 bytes)
[    0.286652] TCP bind hash table entries: 8192 (order: 5, 131072 bytes)
[    0.288283] TCP: Hash tables configured (established 8192 bind 8192)
[    0.289879] UDP hash table entries: 512 (order: 2, 16384 bytes)
[    0.290852] UDP-Lite hash table entries: 512 (order: 2, 16384 bytes)
[    0.291942] NET: Registered protocol family 1
[    0.292742] pci 0000:00:00.0: Limiting direct PCI/PCI transfers
[    0.293739] pci 0000:00:01.0: Activating ISA DMA hang workarounds
[    0.294803] pci 0000:00:02.0: Video device with shadowed ROM at [mem 0x000c0000-0x000dffff]
[    0.296317] Unpacking initramfs...
[    0.555149] Freeing initrd memory: 19204K
[    0.556363] clocksource: tsc: mask: 0xffffffffffffffff max_cycles: 0x255cb518234, max_idle_ns: 440795279333 ns
[    0.558826] platform rtc_cmos: registered platform RTC device (no PNP device found)
[    0.560513] Scanning for low memory corruption every 60 seconds
[    0.562542] Initialise system trusted keyrings
[    0.563498] Key type blacklist registered
[    0.564461] workingset: timestamp_bits=36 max_order=18 bucket_order=0
[    0.566546] zbud: loaded
[    0.567528] squashfs: version 4.0 (2009/01/31) Phillip Lougher
[    0.568886] fuse init (API version 7.26)
[    0.571785] Key type asymmetric registered
[    0.572694] Asymmetric key parser 'x509' registered
[    0.573704] Block layer SCSI generic (bsg) driver version 0.4 loaded (major 246)
[    0.575308] io scheduler noop registered
[    0.576122] io scheduler deadline registered
[    0.577284] io scheduler cfq registered (default)
[    0.578821] ACPI: AC Adapter [AC] (on-line)
[    0.579740] input: Power Button as /devices/LNXSYSTM:00/LNXPWRBN:00/input/input0
[    0.581355] ACPI: Power Button [PWRF]
[    0.582176] input: Sleep Button as /devices/LNXSYSTM:00/LNXSLPBN:00/input/input1
[    0.583589] ACPI: Sleep Button [SLPF]
[    0.585685] ACPI: Battery Slot [BAT0] (battery present)
[    0.586761] Serial: 8250/16550 driver, 32 ports, IRQ sharing enabled
[    0.608824] 00:02: ttyS0 at I/O 0x3f8 (irq = 4, base_baud = 115200) is a 16550A
[    0.612865] Linux agpgart interface v0.103
[    0.614922] loop: module loaded
[    0.615960] scsi host0: ata_piix
[    0.616994] scsi host1: ata_piix
[    0.618154] ata1: PATA max UDMA/33 cmd 0x1f0 ctl 0x3f6 bmdma 0xd000 irq 14
[    0.619463] ata2: PATA max UDMA/33 cmd 0x170 ctl 0x376 bmdma 0xd008 irq 15
[    0.621213] libphy: Fixed MDIO Bus: probed
[    0.621930] tun: Universal TUN/TAP device driver, 1.6
[    0.622978] PPP generic driver version 2.4.2
[    0.624216] ehci_hcd: USB 2.0 'Enhanced' Host Controller (EHCI) Driver
[    0.625381] ehci-pci: EHCI PCI platform driver
[    0.626192] ehci-platform: EHCI generic platform driver
[    0.627136] ohci_hcd: USB 1.1 'Open' Host Controller (OHCI) Driver
[    0.628388] ohci-pci: OHCI PCI platform driver
[    0.629163] ohci-platform: OHCI generic platform driver
[    0.630253] uhci_hcd: USB Universal Host Controller Interface driver
[    0.631399] i8042: PNP: PS/2 Controller [PNP0303:PS2K,PNP0f03:PS2M] at 0x60,0x64 irq 1,12
[    0.633491] serio: i8042 KBD port at 0x60,0x64 irq 1
[    0.634372] serio: i8042 AUX port at 0x60,0x64 irq 12
[    0.635451] mousedev: PS/2 mouse device common for all mice
[    0.637549] input: AT Translated Set 2 keyboard as /devices/platform/i8042/serio0/input/input2
[    0.639378] rtc_cmos rtc_cmos: rtc core: registered rtc_cmos as rtc0
[    0.640728] rtc_cmos rtc_cmos: alarms up to one day, 114 bytes nvram
[    0.641999] i2c /dev entries driver
[    0.642781] device-mapper: uevent: version 1.0.3
[    0.643816] device-mapper: ioctl: 4.37.0-ioctl (2017-09-20) initialised: dm-devel@redhat.com
[    0.645621] ledtrig-cpu: registered to indicate activity on CPUs
[    0.647101] NET: Registered protocol family 10
[    0.651196] Segment Routing with IPv6
[    0.651955] NET: Registered protocol family 17
[    0.652975] Key type dns_resolver registered
[    0.654012] mce: Using 0 MCE banks
[    0.654667] RAS: Correctable Errors collector initialized.
[    0.655653] sched_clock: Marking stable (653988872, 0)->(789836811, -135847939)
[    0.657744] registered taskstats version 1
[    0.658446] Loading compiled-in X.509 certificates
[    0.661073] Loaded X.509 cert 'Build time autogenerated kernel key: b1772ce3e036cbf6bf2b7e9ed9be0f8806d61091'
[    0.662712] zswap: loaded using pool lzo/zbud
[    0.666425] Key type big_key registered
[    0.667351] Key type trusted registered
[    0.669374] Key type encrypted registered
[    0.670262] AppArmor: AppArmor sha1 policy hashing enabled
[    0.671198] ima: No TPM chip found, activating TPM-bypass! (rc=-19)
[    0.672573] ima: Allocated hash algorithm: sha1
[    0.673344] evm: HMAC attrs: 0x1
[    0.674266]   Magic number: 8:84:284
[    0.674966] rtc_cmos rtc_cmos: setting system clock to 2020-06-25 14:17:29 UTC (1593094649)
[    0.676534] BIOS EDD facility v0.16 2004-Jun-25, 0 devices found
[    0.677697] EDD information not available.
[    0.984146] Freeing unused kernel image memory: 2436K
[    1.140284] Write protecting the kernel read-only data: 20480k
[    1.142490] Freeing unused kernel image memory: 2008K
[    1.143912] Freeing unused kernel image memory: 1872K
[    1.151878] x86/mm: Checked W+X mappings: passed, no W+X pages found.
[    1.153510] x86/mm: Checking user space page tables
[    1.161544] x86/mm: Checked W+X mappings: passed, no W+X pages found.
Loading, please wait...
starting version 237
[    1.223743] e1000: Intel(R) PRO/1000 Network Driver - version 7.3.21-k8-NAPI
[    1.225880] e1000: Copyright (c) 1999-2006 Intel Corporation.
[    1.230153] Fusion MPT base driver 3.04.20
[    1.231173] Copyright (c) 1999-2008 LSI Corporation
[    1.245571] AVX2 version of gcm_enc/dec engaged.
[    1.246883] AES CTR mode by8 optimization enabled
[    1.251886] Fusion MPT SPI Host driver 3.04.20
[    1.449078] input: ImExPS/2 Generic Explorer Mouse as /devices/platform/i8042/serio1/input/input4
[    1.679310] e1000 0000:00:03.0 eth0: (PCI:33MHz:32-bit) 02:fc:38:2c:42:7e
[    1.680936] e1000 0000:00:03.0 eth0: Intel(R) PRO/1000 Network Connection
[    1.683628] mptbase: ioc0: Initiating bringup
[    1.685651] e1000 0000:00:03.0 enp0s3: renamed from eth0
[    1.781219] ioc0: LSI53C1030 A0: Capabilities={Initiator}
[    2.024385] scsi host2: ioc0: LSI53C1030 A0, FwRev=00000000h, Ports=1, MaxQ=256, IRQ=20
[    2.192803] scsi 2:0:0:0: Direct-Access     VBOX     HARDDISK         1.0  PQ: 0 ANSI: 5
[    2.224458] scsi target2:0:0: Beginning Domain Validation
[    2.227653] scsi target2:0:0: Domain Validation skipping write tests
[    2.229138] scsi target2:0:0: Ending Domain Validation
[    2.230652] scsi target2:0:0: asynchronous
[    2.232400] scsi 2:0:1:0: Direct-Access     VBOX     HARDDISK         1.0  PQ: 0 ANSI: 5
[    2.264129] scsi target2:0:1: Beginning Domain Validation
[    2.268298] random: fast init done
[    2.269852] scsi target2:0:1: Domain Validation skipping write tests
[    2.271335] scsi target2:0:1: Ending Domain Validation
[    2.273405] scsi target2:0:1: asynchronous
[    2.280395] random: systemd-udevd: uninitialized urandom read (16 bytes read)
[    2.282130] sd 2:0:0:0: Attached scsi generic sg0 type 0
[    2.282145] random: systemd-udevd: uninitialized urandom read (16 bytes read)
[    2.285403] random: systemd-udevd: uninitialized urandom read (16 bytes read)
[    2.287071] sd 2:0:1:0: Attached scsi generic sg1 type 0
[    2.287223] sd 2:0:0:0: [sda] 20971520 512-byte logical blocks: (10.7 GB/10.0 GiB)
[    2.290061] sd 2:0:0:0: [sda] Write Protect is off
[    2.290063] sd 2:0:1:0: [sdb] 20480 512-byte logical blocks: (10.5 MB/10.0 MiB)
[    2.293093] sd 2:0:1:0: [sdb] Write Protect is off
[    2.293189] sd 2:0:0:0: [sda] Incomplete mode parameter data
[    2.295359] sd 2:0:0:0: [sda] Assuming drive cache: write through
[    2.297327] sd 2:0:1:0: [sdb] Incomplete mode parameter data
[    2.298677]  sda: sda1
[    2.298772] sd 2:0:1:0: [sdb] Assuming drive cache: write through
[    2.300621] sd 2:0:0:0: [sda] Attached SCSI disk
[    2.304171] sd 2:0:1:0: [sdb] Attached SCSI disk
Begin: Loading essential drivers ... [    3.720078] raid6: sse2x1   gen() 11757 MB/s
[    3.768076] raid6: sse2x1   xor()  8320 MB/s
[    3.817187] raid6: sse2x2   gen() 14495 MB/s
[    3.864064] raid6: sse2x2   xor()  8678 MB/s
[    3.912049] raid6: sse2x4   gen() 12923 MB/s
[    3.960094] raid6: sse2x4   xor()  8791 MB/s
[    4.013292] raid6: avx2x1   gen() 23155 MB/s
[    4.060527] raid6: avx2x1   xor() 18061 MB/s
[    4.108056] raid6: avx2x2   gen() 29334 MB/s
[    4.157031] raid6: avx2x2   xor() 19823 MB/s
[    4.204219] raid6: avx2x4   gen() 33868 MB/s
[    4.252593] raid6: avx2x4   xor() 20230 MB/s
[    4.253908] raid6: using algorithm avx2x4 gen() 33868 MB/s
[    4.255017] raid6: .... xor() 20230 MB/s, rmw enabled
[    4.256610] raid6: using avx2x2 recovery algorithm
[    4.258722] xor: automatically using best checksumming function   avx       
[    4.261348] async_tx: api initialized (async)
done.
Begin: Running /scripts/init-premount ... done.
Begin: Mounting root file system ... Begin: Running /scripts/local-top ... done.
Begin: Running /scripts/local-premount ... [    4.298656] Btrfs loaded, crc32c=crc32c-intel
Scanning for Btrfs filesystems
done.
Warning: fsck not present, so skipping root file system
[    4.322245] EXT4-fs (sda1): mounted filesystem with ordered data mode. Opts: (null)
done.
Begin: Running /scripts/local-bottom ... done.
Begin: Running /scripts/init-bottom ... done.
[    4.474865] ip_tables: (C) 2000-2006 Netfilter Core Team
[    4.483267] systemd[1]: systemd 237 running in system mode. (+PAM +AUDIT +SELINUX +IMA +APPARMOR +SMACK +SYSVINIT +UTMP +LIBCRYPTSETUP +GCRYPT +GNUTLS +ACL +XZ +LZ4 +SECCOMP +BLKID +ELFUTILS +KMOD -IDN2 +IDN -PCRE2 default-hierarchy=hybrid)
[    4.486786] systemd[1]: Detected virtualization oracle.
[    4.487985] systemd[1]: Detected architecture x86-64.

Welcome to [1mUbuntu 18.04.4 LTS[0m!

[    4.492788] systemd[1]: Set hostname to <ubuntu>.
[    4.497739] systemd[1]: Initializing machine ID from random generator.
[    4.498909] systemd[1]: Installed transient /etc/machine-id file.
[    4.714760] systemd[1]: Set up automount Arbitrary Executable File Formats File System Automount Point.
[[0;32m  OK  [0m] Set up automount Arbitrary Executabâ€¦rmats File System Automount Point.
[    4.717962] systemd[1]: Reached target Swap.
[[0;32m  OK  [0m] Reached target Swap.
[    4.719362] systemd[1]: Reached target User and Group Name Lookups.
[[0;32m  OK  [0m] Reached target User and Group Name Lookups.
[    4.721347] systemd[1]: Reached target System Time Synchronized.
[[0;32m  OK  [0m] Reached target System Time Synchronized.
[[0;32m  OK  [0m] Created slice User and Session Slice.
[[0;32m  OK  [0m] Started Forward Password Requests to Wall Directory Watch.
[[0;32m  OK  [0m] Created slice System Slice.
[[0;32m  OK  [0m] Listening on LVM2 poll daemon socket.
[[0;32m  OK  [0m] Listening on Network Service Netlink Socket.
[[0;32m  OK  [0m] Listening on Journal Socket (/dev/log).
[[0;32m  OK  [0m] Listening on Syslog Socket.
[[0;32m  OK  [0m] Listening on Journal Socket.
         Starting Load Kernel Modules...
         Starting Uncomplicated firewall...
         Mounting Huge Pages File System...
         Starting Set the console keyboard layout...
[[0;32m  OK  [0m] Listening on LVM2 metadata daemon socket.
[[0;32m  OK  [0m] Listening on Device-mapper event daemon FIFOs.
         Starting Monitoring of LVM2 mirrorsâ€¦ng dmeventd or progress polling...
[[0;32m  OK  [0m] Listening on Journal Audit Socket.
         Starting Remount Root and Kernel File Systems...
[[0;32m  OK  [0m] Listening on /dev/initctl Compatibility Named Pipe.
         Starting Journal Service...
[[0;32m  OK  [0m] Listening on udev Kernel Socket.
[[0;32m  OK  [0m] Listening on udev Control Socket.
         Starting udev Coldplug all Devices...
         Mounting POSIX Message Queue File System...
[[0;32m  OK  [0m] Created slice system-serial\x2dgetty.slice.
         Mounting Kernel Debug File System...
         Starting Create list of required stâ€¦ce nodes for the current kernel...
[[0;32m  OK  [0m] Reached target Slices.
[[0;32m  OK  [0m] Started Uncomplicated firewall.
[[0;32m  OK  [0m] Mounted Huge Pages File System.
[[0;32m  OK  [0m] Mounted POSIX Message Queue File System.
[[0;32m  OK  [0m] Mounted Kernel Debug File System.
[    4.805445] Loading iSCSI transport class v2.0-870.
[    4.813174] iscsi: registered transport (tcp)
[    4.815148] EXT4-fs (sda1): re-mounted. Opts: (null)
[[0;32m  OK  [0m] Started Remount Root and Kernel File Systems.
         Starting Load/Save Random Seed...
[    4.851049] iscsi: registered transport (iser)
[[0;32m  OK  [0m] Started Load Kernel Modules.
[[0;32m  OK  [0m] Started Create list of required staâ€¦vice nodes for the current kernel.
[[0;32m  OK  [0m] Started LVM2 metadata daemon.
         Starting Create Static Device Nodes in /dev...
         Mounting Kernel Configuration File System...
         Starting Apply Kernel Variables...
         Mounting FUSE Control File System...
[[0;32m  OK  [0m] Started Journal Service.
[[0;32m  OK  [0m] Started Load/Save Random Seed.
[[0;32m  OK  [0m] Mounted Kernel Configuration File System.
[[0;32m  OK  [0m] Mounted FUSE Control File System.
         Starting Flush Journal to Persistent Storage...
[[0;32m  OK  [0m] Started Create Static Device Nodes in /dev.
         Starting udev Kernel Device Manager...
[[0;32m  OK  [0m] Started Monitoring of LVM2 mirrors,â€¦sing dmeventd or progress polling.
[[0;32m  OK  [0m] Started udev Coldplug all Devices.
[[0;32m  OK  [0m] Started udev Kernel Device Manager.
[[0;32m  OK  [0m] Started Apply Kernel Variables.
[[0;32m  OK  [0m] Started Flush Journal to Persistent Storage.
[[0;32m  OK  [0m] Found device /dev/ttyS0.
[[0;32m  OK  [0m] Listening on Load/Save RF Kill Switch Status /dev/rfkill Watch.
[[0;32m  OK  [0m] Started Set the console keyboard layout.
[[0;32m  OK  [0m] Started Dispatch Password Requests to Console Directory Watch.
[[0;32m  OK  [0m] Reached target Local Encrypted Volumes.
[[0;32m  OK  [0m] Reached target Local File Systems (Pre).
[[0;32m  OK  [0m] Reached target Local File Systems.
         Starting Tell Plymouth To Write Out Runtime Data...
         Starting AppArmor initialization...
         Starting ebtables ruleset management...
         Starting Set console font and keymap...
         Starting Create Volatile Files and Directories...
         Starting Commit a transient machine-id on disk...
[[0;32m  OK  [0m] Started Tell Plymouth To Write Out Runtime Data.
[[0;32m  OK  [0m] Started Create Volatile Files and Directories.
         Starting Update UTMP about System Boot/Shutdown...
[[0;32m  OK  [0m] Started Update UTMP about System Boot/Shutdown.
[[0;32m  OK  [0m] Started Commit a transient machine-id on disk.
[[0;32m  OK  [0m] Started ebtables ruleset management.
[[0;32m  OK  [0m] Started AppArmor initialization.
         Starting Initial cloud-init job (pre-networking)...
[[0;32m  OK  [0m] Started Set console font and keymap.
[    7.605963] cloud-init[767]: Cloud-init v. 19.4-33-gbb4131a2-0ubuntu1~18.04.1 running 'init-local' at Thu, 25 Jun 2020 14:17:36 +0000. Up 7.30 seconds.
[[0;32m  OK  [0m] Started Initial cloud-init job (pre-networking).
[[0;32m  OK  [0m] Reached target Network (Pre).
         Starting Network Service...
[[0;32m  OK  [0m] Started Network Service.
         Starting Network Name Resolution...
         Starting Wait for Network to be Configured...
[[0;32m  OK  [0m] Started Network Name Resolution.
[[0;32m  OK  [0m] Reached target Host and Network Name Lookups.
[[0;32m  OK  [0m] Reached target Network.
[[0;32m  OK  [0m] Started Wait for Network to be Configured.
         Starting Initial cloud-init job (metadata service crawler)...
[    9.814253] cloud-init[921]: Cloud-init v. 19.4-33-gbb4131a2-0ubuntu1~18.04.1 running 'init' at Thu, 25 Jun 2020 14:17:38 +0000. Up 9.70 seconds.
[    9.815145] cloud-init[921]: ci-info: ++++++++++++++++++++++++++++++++++++++Net device info++++++++++++++++++++++++++++++++++++++
[    9.816402] cloud-init[921]: ci-info: +--------+------+----------------------------+---------------+--------+-------------------+
[    9.817813] cloud-init[921]: ci-info: | Device |  Up  |          Address           |      Mask     | Scope  |     Hw-Address    |
[    9.819536] cloud-init[921]: ci-info: +--------+------+----------------------------+---------------+--------+-------------------+
[    9.821462] cloud-init[921]: ci-info: | enp0s3 | True |         10.0.2.15          | 255.255.255.0 | global | 02:fc:38:2c:42:7e |
[    9.823236] cloud-init[921]: ci-info: | enp0s3 | True | fe80::fc:38ff:fe2c:427e/64 |       .       |  link  | 02:fc:38:2c:42:7e |
[    9.824852] cloud-init[921]: ci-info: |   lo   | True |         127.0.0.1          |   255.0.0.0   |  host  |         .         |
[    9.826458] cloud-init[921]: ci-info: |   lo   | True |          ::1/128           |       .       |  host  |         .         |
[    9.827992] cloud-init[921]: ci-info: +--------+------+----------------------------+---------------+--------+-------------------+
[    9.829732] cloud-init[921]: ci-info: ++++++++++++++++++++++++++++Route IPv4 info+++++++++++++++++++++++++++++
[    9.831249] cloud-init[921]: ci-info: +-------+-------------+----------+-----------------+-----------+-------+
[    9.832657] cloud-init[921]: ci-info: | Route | Destination | Gateway  |     Genmask     | Interface | Flags |
[    9.834203] cloud-init[921]: ci-info: +-------+-------------+----------+-----------------+-----------+-------+
[    9.835581] cloud-init[921]: ci-info: |   0   |   0.0.0.0   | 10.0.2.2 |     0.0.0.0     |   enp0s3  |   UG  |
[    9.837187] cloud-init[921]: ci-info: |   1   |   10.0.2.0  | 0.0.0.0  |  255.255.255.0  |   enp0s3  |   U   |
[    9.848180] cloud-init[921]: ci-info: |   2   |   10.0.2.2  | 0.0.0.0  | 255.255.255.255 |   enp0s3  |   UH  |
[    9.849605] cloud-init[921]: ci-info: +-------+-------------+----------+-----------------+-----------+-------+
[    9.860168] cloud-init[921]: ci-info: +++++++++++++++++++Route IPv6 info+++++++++++++++++++
[    9.861317] cloud-init[921]: ci-info: +-------+-------------+---------+-----------+-------+
[    9.862439] cloud-init[921]: ci-info: | Route | Destination | Gateway | Interface | Flags |
[    9.863558] cloud-init[921]: ci-info: +-------+-------------+---------+-----------+-------+
[    9.864775] cloud-init[921]: ci-info: |   1   |  fe80::/64  |    ::   |   enp0s3  |   U   |
[    9.865906] cloud-init[921]: ci-info: |   3   |    local    |    ::   |   enp0s3  |   U   |
[    9.867159] cloud-init[921]: ci-info: |   4   |   ff00::/8  |    ::   |   enp0s3  |   U   |
[    9.868312] cloud-init[921]: ci-info: +-------+-------------+---------+-----------+-------+
[   10.380115] cloud-init[921]: Generating public/private rsa key pair.
[   10.392219] cloud-init[921]: Your identification has been saved in /etc/ssh/ssh_host_rsa_key.
[   10.404590] cloud-init[921]: Your public key has been saved in /etc/ssh/ssh_host_rsa_key.pub.
[   10.405760] cloud-init[921]: The key fingerprint is:
[   10.416298] cloud-init[921]: SHA256:7UZvAEcG2ty3BqMytqBV+uBF17wJHtJ9qXmaCeNqCrg root@ubuntu-bionic
[   10.418119] cloud-init[921]: The key's randomart image is:
[   10.419547] cloud-init[921]: +---[RSA 2048]----+
[   10.420333] cloud-init[921]: |        ..o      |
[[0;32m  OK  [0m[   10.420836] cloud-init[921]: |       = B   .   |
[   10.421171] cloud-init[921]: |      = O O +    |
[   10.421879] cloud-init[921]: |     + + B X .   |
[   10.422585] cloud-init[921]: |    = = S O +    |
[   10.423288] cloud-init[921]: | . + * = = O     |
[   10.424046] cloud-init[921]: |. o . o . * o    |
[   10.424764] cloud-init[921]: | . .  .. . .     |
] Started Initial cloud-init job (metadata service crawler).
[   10.424895] cloud-init[921]: |E   .o.          |
[[0;32m  OK  [0m] [   10.437367] Reached target System Initialization.cloud-init
[921]: +----[SHA256]-----+
[[   10.438516] [0;32m  OK  [0mcloud-init] [921]: Generating public/private dsa key pair.Listening on UUID daemon activation socket.

[   10.438597] cloud-init[921]: Your identification has been saved in /etc/ssh/ssh_host_dsa_key.
[   10.441232] cloud-init[921]: Your public key has been saved in /etc/ssh/ssh_host_dsa_key.pub.
[   10.441304] cloud-init[921]: The key fingerprint is:
[   10.442017] cloud-init[921]: SHA256:+yUKzLN7YV3ZmXrSeOuYxHUY8+fCk2DF0XUnrSMj5Q4 root@ubuntu-bionic
[   10.442724] cloud-init[921]: The key's randomart image is:
[   10.443429] cloud-init[921]: +---[DSA 1024]----+
[   10.444632] cloud-init[921]: |              oo=|
[   10.445326] cloud-init[921]: |            .. o=|
[   10.446030] cloud-init[921]: |           o o=+ |
[   10.446708] cloud-init[921]: |          E *.*= |
[   10.447397] cloud-init[921]: |        S. =o*o.+|
[   10.448527] cloud-init[921]: |     o  o..o=+++.|
[   10.449159] cloud-init[921]: |      =.... ++=..|
[   10.449794] cloud-init[921]: |       +.o + o.o |
[[0;32m  OK  [0m] Started Message of the Day.
[   10.449867] cloud-init[921]: |      oo. . o..  |
[   10.453401] cloud-init[921]: +----[SHA256]-----+
[   10.454361] cloud-init[921]: Generating public/private ecdsa key pair.
[   10.455545] cloud-init[921]: Your identification has been saved in /etc/ssh/ssh_host_ecdsa_key.
[   10.457166] cloud-init[921]: Your public key has been saved in /etc/ssh/ssh_host_ecdsa_key.pub.
[   10.458399] cloud-init[921]: The key fingerprint is:
[   10.459273] cloud-init[921]: SHA256:CHE8+EjdzTm5eLBr/2YDhhSZbwDXVhENQwZ17uV2g0U root@ubuntu-bionic
[   10.461056] cloud-init[921]: The key's randomart image is:
[   10.462753] cloud-init[921]: +---[ECDSA 256]---+
         Starting LXD - unix socket.
[   10.464883] cloud-init[921]: |    .+oo.*.BX=.E |
[[0;32m  OK  [0m] Listening on Open-iSCSI iscsid Socket.
[   10.467416] cloud-init[921]: |    oo+.B O. +o  |[[0;32m  OK  [0m] Started ACPI Events Check.
[[0;32m  OK  [0m] Reached target Paths.
         Starting Socket activation for snappy daemon.
[[0;32m  OK  [0m] Started Daily apt download activities.
[[0;32m  OK  [0m] Started Daily apt upgrade and clean activities.
[[0;32m  OK  [0m] Started Daily Cleanup of Temporary Directories.

[[0;32m  OK  [0m[   10.489312] ] cloud-initListening on D-Bus System Message Bus Socket.[921]: 
|   ..o . O o  ...|
[[0;32m  OK  [0m] [   10.500889] Started Discard unused blocks once a week.cloud-init
[921]: |    ....+ =  .oo |
[[   10.502037] [0;32m  OK  [0mcloud-init] [921]: Reached target Timers.|      ..S=   ...+|

[[0;32m  OK  [0m[   10.502820] ] cloud-initListening on ACPID Listen Socket.[921]: 
|        + o    .o|
[[0;32m  OK  [0m[   10.504101] cloud-init[921]: |       . o .     |
[   10.504426] cloud-init[921]: |          . +    |
[   10.505087] cloud-init[921]: |           +..   |
[   10.505746] cloud-init[921]: +----[SHA256]-----+
[   10.506416] cloud-init[921]: Generating public/private ed25519 key pair.
[   10.507104] cloud-init[921]: Your identification has been saved in /etc/ssh/ssh_host_ed25519_key.
[   10.507753] ] cloud-initReached target Network is Online.[921]: 
Your public key has been saved in /etc/ssh/ssh_host_ed25519_key.pub.
[   10.511624] cloud-init[921]: The key fingerprint is:
[   10.512677] cloud-init[921]: SHA256:LQDbE2sYejQvtatkZ89dsIm1VlWTF9FNEMPHT0QjHi8 root@ubuntu-bionic
[   10.514249] cloud-init[921]: The key's randomart image is:
[   10.515153] cloud-init[921]: +--[ED25519 256]--+
[   10.516024] cloud-init[921]: |    = o      +=&@|
[   10.516982] cloud-init[921]: |   o X +    ..=oX|
[   10.517724] cloud-init[921]: |  . = O   o .E +o|
         [   10.528863] Starting Availability of block devices...cloud-init
[921]: |   . o + + *  . .|
[[0;32m  OK  [0m[   10.529981] ] cloud-initReached target Remote File Systems (Pre).[921]: 
|    o + S * .    |
[   10.530956] cloud-init[921]: |   o + o + .     |
[[   10.531053] [0;32m  OK  [0mcloud-init] [921]: Reached target Remote File Systems.|    .   o .      |

[   10.532394] cloud-init[921]: |                 |
[   10.532708] cloud-init[921]: |                 |
[   10.533296] cloud-init[921]: +----[SHA256]-----+
[[0;32m  OK  [0m] Reached target Cloud-config availability.
[[0;32m  OK  [0m] Listening on LXD - unix socket.
[[0;32m  OK  [0m] Listening on Socket activation for snappy daemon.
[[0;32m  OK  [0m] Started Availability of block devices.
[[0;32m  OK  [0m] Reached target Sockets.
[[0;32m  OK  [0m] Reached target Basic System.
[[0;32m  OK  [0m] Started irqbalance daemon.
         Starting Dispatcher daemon for systemd-networkd...
         Starting Pollinate to seed the pseudo random number generator...
         Starting Permit User Sessions...
         Starting LSB: Record successful boot for GRUB...
[[0;32m  OK  [0m] Started D-Bus System Message Bus.
[[0;32m  OK  [0m] Started FUSE filesystem for LXC.
[[0;32m  OK  [0m] Started Deferred execution scheduler.
         Starting Login Service...
         Starting Virtualbox guest utils...
         Starting Accounts Service...
         Starting System Logging Service...
         Starting LSB: automatic crash report generation...
[[0;32m  OK  [0m] Started Regular background program processing daemon.
         Starting Snappy daemon...
         Starting LXD - container startup/shutdown...
[[0;32m  OK  [0m] Started System Logging Service.
[[0;32m  OK  [0m] Started Permit User Sessions.
[[0;32m  OK  [0m] Started Login Service.
[[0;32m  OK  [0m] Started LXD - container startup/shutdown.
         Starting Authorization Manager...
[[0;32m  OK  [0m] Started Unattended Upgrades Shutdown.
         Starting Hold until boot process finishes up...
         Starting Terminate Plymouth Boot Screen...
[[0;32m  OK  [0m] Started Hold until boot process finishes up.
         Starting Set console scheme...
[[0;32m  OK  [0m] Started Serial Getty on ttyS0.
[[0;32m  OK  [0m] Started Terminate Plymouth Boot Screen.
[[0;32m  OK  [0m] Started LSB: automatic crash report generation.
[[0;32m  OK  [0m] Started Authorization Manager.
[[0;32m  OK  [0m] Started Accounts Service.
[[0;32m  OK  [0m] Started Set console scheme.
[[0;32m  OK  [0m] Created slice system-getty.slice.
[[0;32m  OK  [0m] Started Getty on tty1.
[[0;32m  OK  [0m] Reached target Login Prompts.
[[0;32m  OK  [0m] Started Virtualbox guest utils.
[[0;32m  OK  [0m] Started LSB: Record successful boot for GRUB.
[[0;32m  OK  [0m] Started Dispatcher daemon for systemd-networkd.
[[0;32m  OK  [0m] Started Snappy daemon.
         Starting Wait until snapd is fully seeded...
[[0;32m  OK  [0m] Started Pollinate to seed the pseudo random number generator.
         Starting OpenBSD Secure Shell server...
[[0;32m  OK  [0m] Started OpenBSD Secure Shell server.
[[0;32m  OK  [0m] Created slice User Slice of vagrant.
         Starting User Manager for UID 1000...
[[0;32m  OK  [0m] Started Session 1 of user vagrant.
[[0;32m  OK  [0m] Started User Manager for UID 1000.
[[0;32m  OK  [0m] Started Wait until snapd is fully seeded.
         Starting Apply the settings specified in cloud-config...
[[0;32m  OK  [0m] Reached target Multi-User System.
[[0;32m  OK  [0m] Reached target Graphical Interface.
         Starting Update UTMP about System Runlevel Changes...
[[0;32m  OK  [0m] Started Update UTMP about System Runlevel Changes.
[   14.445664] cloud-init[1506]: Cloud-init v. 19.4-33-gbb4131a2-0ubuntu1~18.04.1 running 'modules:config' at Thu, 25 Jun 2020 14:17:42 +0000. Up 13.84 seconds.
[[0;32m  OK  [0m] Started Apply the settings specified in cloud-config.
         Starting Execute cloud user/final scripts...
ci-info: no authorized SSH keys fingerprints found for user ubuntu.
<14>Jun 25 14:17:43 ec2: 
<14>Jun 25 14:17:43 ec2: #############################################################
<14>Jun 25 14:17:43 ec2: -----BEGIN SSH HOST KEY FINGERPRINTS-----
<14>Jun 25 14:17:43 ec2: 1024 SHA256:+yUKzLN7YV3ZmXrSeOuYxHUY8+fCk2DF0XUnrSMj5Q4 root@ubuntu-bionic (DSA)
<14>Jun 25 14:17:43 ec2: 256 SHA256:CHE8+EjdzTm5eLBr/2YDhhSZbwDXVhENQwZ17uV2g0U root@ubuntu-bionic (ECDSA)
<14>Jun 25 14:17:43 ec2: 256 SHA256:LQDbE2sYejQvtatkZ89dsIm1VlWTF9FNEMPHT0QjHi8 root@ubuntu-bionic (ED25519)
<14>Jun 25 14:17:43 ec2: 2048 SHA256:7UZvAEcG2ty3BqMytqBV+uBF17wJHtJ9qXmaCeNqCrg root@ubuntu-bionic (RSA)
<14>Jun 25 14:17:43 ec2: -----END SSH HOST KEY FINGERPRINTS-----
<14>Jun 25 14:17:43 ec2: #############################################################
-----BEGIN SSH HOST KEY KEYS-----
ecdsa-sha2-nistp256 AAAAE2VjZHNhLXNoYTItbmlzdHAyNTYAAAAIbmlzdHAyNTYAAABBBAdAK9s+OJoZ7hA2uphEb7NVbB1KuOXZS+67YiW1RHGahzqA4/XWSWjgJQBNWZm+dY4pajaZ4SbX/eMv9KRMO5I= root@ubuntu-bionic
ssh-ed25519 AAAAC3NzaC1lZDI1NTE5AAAAILhrhusClLpX7B6gdxcGQGhMd1R2a4VxC1mWNI6eGaBc root@ubuntu-bionic
ssh-rsa AAAAB3NzaC1yc2EAAAADAQABAAABAQC+UrIvIrpJbTNJSjc2BfVAOvHmB2gwRUZJ2irpJ1ss/BdH9g6Owfr90cVTpbqYipt40urXHY2LMky+1gxrwAu9Kf1FviTzcqjBVhPGlq50uVfkoxfiPvC9/HQAX/GrZRkCtMz9Elvh+MZid7o2/Eg09GGSPdCp4+tGgzuRRNIs3v7hjcS+CyfVRMPqv7/jcOLq2nSgJ6YFndoafz7OV/SQcveGhYTPy2XMvPBjKpZckB9E0RBcEx2jRe74AmOfoYtneC4FuQ5CyroLYCLpGyuOgvnz2WDeVRlkju51EJ27292kvxA1LBSgHRbEKbK57KTStlmm51C3+8texEV1D9BJ root@ubuntu-bionic
-----END SSH HOST KEY KEYS-----
[   15.134928] cloud-init[1616]: Cloud-init v. 19.4-33-gbb4131a2-0ubuntu1~18.04.1 running 'modules:final' at Thu, 25 Jun 2020 14:17:43 +0000. Up 14.94 seconds.
[   15.136545] cloud-init[1616]: ci-info: no authorized SSH keys fingerprints found for user ubuntu.
[   15.149005] cloud-init[1616]: Cloud-init v. 19.4-33-gbb4131a2-0ubuntu1~18.04.1 finished at Thu, 25 Jun 2020 14:17:43 +0000. Datasource DataSourceNoCloud [seed=/dev/sdb][dsmode=net].  Up 15.12 seconds
[[0;32m  OK  [0m] Started Execute cloud user/final scripts.
[[0;32m  OK  [0m] Reached target Cloud-init target.

Ubuntu 18.04.4 LTS ubuntu-bionic ttyS0

ubuntu-bionic login: 